Microsoft Windows [Version 10.0.16299.98]
(c) 2017 Microsoft Corporation. All rights reserved.

E:\Code\ReactNative\AWPtry2>react-native run-android
info Running jetifier to migrate libraries to AndroidX. You can disable it using "--no-jetifier" flag.
Jetifier found 864 file(s) to forward-jetify. Using 4 workers...
info Starting JS server...
* daemon not running; starting now at tcp:5037
* daemon started successfully
info Launching emulator...
error Failed to launch emulator. Reason: Emulator exited before boot..
warn Please launch an emulator manually or connect a device. Otherwise app may fail to launch.
info Installing the app...
Starting a Gradle Daemon (subsequent builds will be faster)

> Configure project :app
Observed package id 'platforms;android-28' in inconsistent location 'E:\Software\AndroidStudio\SDK\platforms\android-9' (Expected 'E:\Software\AndroidStudio\SDK\platforms\android-28')
Already observed package id 'platforms;android-28' in 'E:\Software\AndroidStudio\SDK\platforms\android-28'. Skipping duplicate at 'E:\Software\AndroidStudio\SDK\platforms\android-9'

> Task :app:installDebug FAILED

Deprecated Gradle features were used in this build, making it incompatible with Gradle 6.0.
Use '--warning-mode all' to show the individual deprecation warnings.
See https://docs.gradle.org/5.5/userguide/command_line_interface.html#sec:command_line_warnings
27 actionable tasks: 3 executed, 24 up-to-date

FAILURE: Build failed with an exception.

* What went wrong:
Execution failed for task ':app:installDebug'.
> com.android.builder.testing.api.DeviceException: No connected devices!

* Try:
Run with --stacktrace option to get the stack trace. Run with --info or --debug option to get more log output. Run with --scan to get full insights.

* Get more help at https://help.gradle.org

BUILD FAILED in 2m 45s

error Failed to install the app. Make sure you have an Android emulator running or a device connected. Run CLI with --verbose flag for more details.
Error: Command failed: gradlew.bat app:installDebug -PreactNativeDevServerPort=8081

FAILURE: Build failed with an exception.

* What went wrong:
Execution failed for task ':app:installDebug'.
> com.android.builder.testing.api.DeviceException: No connected devices!

* Try:
Run with --stacktrace option to get the stack trace. Run with --info or --debug option to get more log output. Run with --scan to get full insights.

* Get more help at https://help.gradle.org

BUILD FAILED in 2m 45s

    at checkExecSyncError (child_process.js:609:11)
    at execFileSync (child_process.js:627:15)
    at runOnAllDevices (E:\Code\ReactNative\AWPtry2\node_modules\@react-native-community\cli-platform-android\build\commands\runAndroid\runOnAllDevices.js:94:39)
    at processTicksAndRejections (internal/process/task_queues.js:97:5)
    at async Command.handleAction (C:\Users\Pritam\AppData\Roaming\npm\node_modules\react-native\node_modules\@react-native-community\cli\build\index.js:164:9)

E:\Code\ReactNative\AWPtry2>react-native run-android
info Running jetifier to migrate libraries to AndroidX. You can disable it using "--no-jetifier" flag.
Jetifier found 864 file(s) to forward-jetify. Using 4 workers...
info Starting JS server...
info Installing the app...

> Configure project :app
Observed package id 'platforms;android-28' in inconsistent location 'E:\Software\AndroidStudio\SDK\platforms\android-9' (Expected 'E:\Software\AndroidStudio\SDK\platforms\android-28')
Already observed package id 'platforms;android-28' in 'E:\Software\AndroidStudio\SDK\platforms\android-28'. Skipping duplicate at 'E:\Software\AndroidStudio\SDK\platforms\android-9'

> Task :app:installDebug
09:14:50 V/ddms: execute: running am get-config
09:14:50 V/ddms: execute 'am get-config' on 'emulator-5554' : EOF hit. Read: -1
09:14:50 V/ddms: execute: returning
Installing APK 'app-debug.apk' on 'Pixel_2_API_28(AVD) - 9' for app:debug
09:14:50 D/app-debug.apk: Uploading app-debug.apk onto device 'emulator-5554'
09:14:50 D/Device: Uploading file onto device 'emulator-5554'
09:14:50 D/ddms: Reading file permision of E:\Code\ReactNative\AWPtry2\android\app\build\outputs\apk\debug\app-debug.apk as: rwx------
09:14:50 V/ddms: execute: running pm install -r -t "/data/local/tmp/app-debug.apk"
09:14:52 V/ddms: execute 'pm install -r -t "/data/local/tmp/app-debug.apk"' on 'emulator-5554' : EOF hit. Read: -1
09:14:52 V/ddms: execute: returning
09:14:52 V/ddms: execute: running rm "/data/local/tmp/app-debug.apk"
09:14:52 V/ddms: execute 'rm "/data/local/tmp/app-debug.apk"' on 'emulator-5554' : EOF hit. Read: -1
09:14:52 V/ddms: execute: returning
Installed on 1 device.

Deprecated Gradle features were used in this build, making it incompatible with Gradle 6.0.
Use '--warning-mode all' to show the individual deprecation warnings.
See https://docs.gradle.org/5.5/userguide/command_line_interface.html#sec:command_line_warnings

BUILD SUCCESSFUL in 13s
27 actionable tasks: 2 executed, 25 up-to-date
info Connecting to the development server...
info Starting the app on "emulator-5554"...
Starting: Intent { cmp=com.awptry2/.MainActivity }

E:\Code\ReactNative\AWPtry2>react-native start
error Invalid regular expression: /(.*\\__fixtures__\\.*|node_modules[\\\]react[\\\]dist[\\\].*|website\\node_modules\\.*|heapCapture\\bundle\.js|.*\\__tests__\\.*)$/: Unterminated character class. Run CLI with --verbose flag for more details.
SyntaxError: Invalid regular expression: /(.*\\__fixtures__\\.*|node_modules[\\\]react[\\\]dist[\\\].*|website\\node_modules\\.*|heapCapture\\bundle\.js|.*\\__tests__\\.*)$/: Unterminated character class
    at new RegExp (<anonymous>)
    at blacklist (C:\Users\Pritam\AppData\Roaming\npm\node_modules\react-native\node_modules\metro-config\src\defaults\blacklist.js:34:10)
    at getBlacklistRE (C:\Users\Pritam\AppData\Roaming\npm\node_modules\react-native\node_modules\@react-native-community\cli\build\tools\loadMetroConfig.js:66:59)
    at getDefaultConfig (C:\Users\Pritam\AppData\Roaming\npm\node_modules\react-native\node_modules\@react-native-community\cli\build\tools\loadMetroConfig.js:82:20)
    at load (C:\Users\Pritam\AppData\Roaming\npm\node_modules\react-native\node_modules\@react-native-community\cli\build\tools\loadMetroConfig.js:118:25)
    at Object.runServer [as func] (C:\Users\Pritam\AppData\Roaming\npm\node_modules\react-native\node_modules\@react-native-community\cli\build\commands\server\runServer.js:82:58)
    at Command.handleAction (C:\Users\Pritam\AppData\Roaming\npm\node_modules\react-native\node_modules\@react-native-community\cli\build\index.js:164:23)
    at Command.listener (C:\Users\Pritam\AppData\Roaming\npm\node_modules\react-native\node_modules\commander\index.js:315:8)
    at Command.emit (events.js:219:5)
    at Command.parseArgs (C:\Users\Pritam\AppData\Roaming\npm\node_modules\react-native\node_modules\commander\index.js:651:12)

E:\Code\ReactNative\AWPtry2>react-native start
┌──────────────────────────────────────────────────────────────────────────────┐
│                                                                              │
│  Running Metro Bundler on port 8081.                                         │
│                                                                              │
│  Keep Metro running while developing on any JS projects. Feel free to        │
│  close this tab and run your own Metro instance if you prefer.               │
│                                                                              │
│  https://github.com/facebook/react-native                                    │
│                                                                              │
└──────────────────────────────────────────────────────────────────────────────┘

Looking for JS files in
   E:\Code\ReactNative\AWPtry2

Loading dependency graph, done.
 BUNDLE  [android, dev] ./index.js ▓▓▓▓▓▓▓▓▓▓▓▓▓▓░░ 91.8% (382/426)::1 - - [24/Dec/2019:16:01:00 +0000] "GET /favicon.ico HTTP/1.1" 404 150 "http://localhost:8081/" "Mozilla/5.0 (Windows NT 10.0; Win64; x64) AppleWebKit/537.36 (KHTML, like Gecko) Chrome/79.0.3945.88 Safari/537.36"
error: bundling failed: ReferenceError: SHA-1 for file C:\Users\Pritam\AppData\Roaming\npm\node_modules\react-native\node_modules\metro\src\lib\polyfills\require.js (C:\Users\Pritam\AppData\Roaming\npm\node_modules\react-native\node_modules\metro\src\lib\polyfills\require.js) is not computed
    at DependencyGraph.getSha1 (C:\Users\Pritam\AppData\Roaming\npm\node_modules\react-native\node_modules\metro\src\node-haste\DependencyGraph.js:258:13)
    at C:\Users\Pritam\AppData\Roaming\npm\node_modules\react-native\node_modules\metro\src\DeltaBundler\Transformer.js:211:26
    at Generator.next (<anonymous>)
    at asyncGeneratorStep (C:\Users\Pritam\AppData\Roaming\npm\node_modules\react-native\node_modules\metro\src\DeltaBundler\Transformer.js:46:24)
    at _next (C:\Users\Pritam\AppData\Roaming\npm\node_modules\react-native\node_modules\metro\src\DeltaBundler\Transformer.js:66:9)
    at C:\Users\Pritam\AppData\Roaming\npm\node_modules\react-native\node_modules\metro\src\DeltaBundler\Transformer.js:71:7
    at new Promise (<anonymous>)
    at C:\Users\Pritam\AppData\Roaming\npm\node_modules\react-native\node_modules\metro\src\DeltaBundler\Transformer.js:63:12
    at Transformer.transformFile (C:\Users\Pritam\AppData\Roaming\npm\node_modules\react-native\node_modules\metro\src\DeltaBundler\Transformer.js:236:7)
    at C:\Users\Pritam\AppData\Roaming\npm\node_modules\react-native\node_modules\metro\src\Bundler.js:87:34
 BUNDLE  [android, dev] ./index.js ▓▓▓▓▓▓▓▓▓▓▓▓▓▓▓▓ 100.0% (457/457)::ffff:127.0.0.1 - - [24/Dec/2019:16:01:06 +0000] "GET /index.bundle?platform=android&dev=true&minify=false HTTP/1.1" 500 - "-" "okhttp/3.12.1"
 BUNDLE  [android, dev] ./index.js ▓▓▓▓▓▓▓▓▓▓▓▓▓▓▓▓ 100.0% (457/457), failed.

error: bundling failed: ReferenceError: SHA-1 for file C:\Users\Pritam\AppData\Roaming\npm\node_modules\react-native\node_modules\metro\src\lib\polyfills\require.js (C:\Users\Pritam\AppData\Roaming\npm\node_modules\react-native\node_modules\metro\src\lib\polyfills\require.js) is not computed
    at DependencyGraph.getSha1 (C:\Users\Pritam\AppData\Roaming\npm\node_modules\react-native\node_modules\metro\src\node-haste\DependencyGraph.js:258:13)
    at C:\Users\Pritam\AppData\Roaming\npm\node_modules\react-native\node_modules\metro\src\DeltaBundler\Transformer.js:211:26
    at Generator.next (<anonymous>)
    at asyncGeneratorStep (C:\Users\Pritam\AppData\Roaming\npm\node_modules\react-native\node_modules\metro\src\DeltaBundler\Transformer.js:46:24)
    at _next (C:\Users\Pritam\AppData\Roaming\npm\node_modules\react-native\node_modules\metro\src\DeltaBundler\Transformer.js:66:9)
    at C:\Users\Pritam\AppData\Roaming\npm\node_modules\react-native\node_modules\metro\src\DeltaBundler\Transformer.js:71:7
    at new Promise (<anonymous>)
    at C:\Users\Pritam\AppData\Roaming\npm\node_modules\react-native\node_modules\metro\src\DeltaBundler\Transformer.js:63:12
    at Transformer.transformFile (C:\Users\Pritam\AppData\Roaming\npm\node_modules\react-native\node_modules\metro\src\DeltaBundler\Transformer.js:236:7)
    at C:\Users\Pritam\AppData\Roaming\npm\node_modules\react-native\node_modules\metro\src\Bundler.js:87:34
 BUNDLE  [android, dev] ./index.js ▓▓▓▓▓▓▓▓▓▓▓▓▓▓▓▓ 100.0% (457/457)::ffff:127.0.0.1 - - [24/Dec/2019:16:01:18 +0000] "GET /index.bundle?platform=android&dev=true&minify=false HTTP/1.1" 500 - "-" "okhttp/3.12.1"
 BUNDLE  [android, dev] ./index.js ▓▓▓▓▓▓▓▓▓▓▓▓▓▓▓▓ 100.0% (457/457), failed.

 BUNDLE  [android, dev] ./index.js ▓▓▓▓▓▓▓▓▓▓░░░░░░ 68.7% (373/450)::ffff:127.0.0.1 - - [24/Dec/2019:16:02:12 +0000] "GET /index.bundle?platform=android&dev=true&minify=false HTTP/1.1" 500 - "-" "okhttp/3.12.1"
error: bundling failed: ReferenceError: SHA-1 for file C:\Users\Pritam\AppData\Roaming\npm\node_modules\react-native\node_modules\metro\src\lib\polyfills\require.js (C:\Users\Pritam\AppData\Roaming\npm\node_modules\react-native\node_modules\metro\src\lib\polyfills\require.js) is not computed
    at DependencyGraph.getSha1 (C:\Users\Pritam\AppData\Roaming\npm\node_modules\react-native\node_modules\metro\src\node-haste\DependencyGraph.js:258:13)
    at C:\Users\Pritam\AppData\Roaming\npm\node_modules\react-native\node_modules\metro\src\DeltaBundler\Transformer.js:211:26
    at Generator.next (<anonymous>)
    at asyncGeneratorStep (C:\Users\Pritam\AppData\Roaming\npm\node_modules\react-native\node_modules\metro\src\DeltaBundler\Transformer.js:46:24)
    at _next (C:\Users\Pritam\AppData\Roaming\npm\node_modules\react-native\node_modules\metro\src\DeltaBundler\Transformer.js:66:9)
    at C:\Users\Pritam\AppData\Roaming\npm\node_modules\react-native\node_modules\metro\src\DeltaBundler\Transformer.js:71:7
    at new Promise (<anonymous>)
    at C:\Users\Pritam\AppData\Roaming\npm\node_modules\react-native\node_modules\metro\src\DeltaBundler\Transformer.js:63:12
    at Transformer.transformFile (C:\Users\Pritam\AppData\Roaming\npm\node_modules\react-native\node_modules\metro\src\DeltaBundler\Transformer.js:236:7)
    at C:\Users\Pritam\AppData\Roaming\npm\node_modules\react-native\node_modules\metro\src\Bundler.js:87:34
 BUNDLE  [android, dev] ./index.js ▓▓▓▓▓▓▓▓▓▓▓▓▓▓▓▓ 100.0% (457/457), failed.

error: bundling failed: ReferenceError: SHA-1 for file C:\Users\Pritam\AppData\Roaming\npm\node_modules\react-native\node_modules\metro\src\lib\polyfills\require.js (C:\Users\Pritam\AppData\Roaming\npm\node_modules\react-native\node_modules\metro\src\lib\polyfills\require.js) is not computed
    at DependencyGraph.getSha1 (C:\Users\Pritam\AppData\Roaming\npm\node_modules\react-native\node_modules\metro\src\node-haste\DependencyGraph.js:258:13)
    at C:\Users\Pritam\AppData\Roaming\npm\node_modules\react-native\node_modules\metro\src\DeltaBundler\Transformer.js:211:26
    at Generator.next (<anonymous>)
    at asyncGeneratorStep (C:\Users\Pritam\AppData\Roaming\npm\node_modules\react-native\node_modules\metro\src\DeltaBundler\Transformer.js:46:24)
    at _next (C:\Users\Pritam\AppData\Roaming\npm\node_modules\react-native\node_modules\metro\src\DeltaBundler\Transformer.js:66:9)
    at C:\Users\Pritam\AppData\Roaming\npm\node_modules\react-native\node_modules\metro\src\DeltaBundler\Transformer.js:71:7
    at new Promise (<anonymous>)
    at C:\Users\Pritam\AppData\Roaming\npm\node_modules\react-native\node_modules\metro\src\DeltaBundler\Transformer.js:63:12
    at Transformer.transformFile (C:\Users\Pritam\AppData\Roaming\npm\node_modules\react-native\node_modules\metro\src\DeltaBundler\Transformer.js:236:7)
    at C:\Users\Pritam\AppData\Roaming\npm\node_modules\react-native\node_modules\metro\src\Bundler.js:87:34
 BUNDLE  [android, dev] ./index.js ░░░░░░░░░░░░░░░░ 0.0% (0/1), failed.

error: bundling failed: ReferenceError: SHA-1 for file C:\Users\Pritam\AppData\Roaming\npm\node_modules\react-native\node_modules\metro\src\lib\polyfills\require.js (C:\Users\Pritam\AppData\Roaming\npm\node_modules\react-native\node_modules\metro\src\lib\polyfills\require.js) is not computed
    at DependencyGraph.getSha1 (C:\Users\Pritam\AppData\Roaming\npm\node_modules\react-native\node_modules\metro\src\node-haste\DependencyGraph.js:258:13)
    at C:\Users\Pritam\AppData\Roaming\npm\node_modules\react-native\node_modules\metro\src\DeltaBundler\Transformer.js:211:26
    at Generator.next (<anonymous>)
    at asyncGeneratorStep (C:\Users\Pritam\AppData\Roaming\npm\node_modules\react-native\node_modules\metro\src\DeltaBundler\Transformer.js:46:24)
    at _next (C:\Users\Pritam\AppData\Roaming\npm\node_modules\react-native\node_modules\metro\src\DeltaBundler\Transformer.js:66:9)
    at C:\Users\Pritam\AppData\Roaming\npm\node_modules\react-native\node_modules\metro\src\DeltaBundler\Transformer.js:71:7
    at new Promise (<anonymous>)
    at C:\Users\Pritam\AppData\Roaming\npm\node_modules\react-native\node_modules\metro\src\DeltaBundler\Transformer.js:63:12
    at Transformer.transformFile (C:\Users\Pritam\AppData\Roaming\npm\node_modules\react-native\node_modules\metro\src\DeltaBundler\Transformer.js:236:7)
    at C:\Users\Pritam\AppData\Roaming\npm\node_modules\react-native\node_modules\metro\src\Bundler.js:87:34
 BUNDLE  [android, dev] ./index.js ▓▓▓▓▓▓▓▓▓▓▓▓▓▓▓▓ 100.0% (457/457)::ffff:127.0.0.1 - - [24/Dec/2019:16:11:42 +0000] "GET /index.bundle?platform=android&dev=true&minify=false HTTP/1.1" 500 - "-" "okhttp/3.12.1"
::ffff:127.0.0.1 - - [24/Dec/2019:16:11:42 +0000] "GET /index.bundle?platform=android&dev=true&minify=false HTTP/1.1" 500 - "-" "okhttp/3.12.1"
 BUNDLE  [android, dev] ./index.js ▓▓▓▓▓▓▓▓▓▓▓▓▓▓▓▓ 100.0% (457/457), failed.

^CTerminate batch job (Y/N)? y

E:\Code\ReactNative\AWPtry2>npm i -g react-native-cli
C:\Users\Pritam\AppData\Roaming\npm\react-native -> C:\Users\Pritam\AppData\Roaming\npm\node_modules\react-native-cli\index.js
+ react-native-cli@2.0.1
added 72 packages from 25 contributors in 35.232s

E:\Code\ReactNative\AWPtry2>cd ..

E:\Code\ReactNative>npx react-native init AWPtry3
This will walk you through creating a new React Native project in E:\Code\ReactNative\AWPtry3
'yarn' is not recognized as an internal or external command,
operable program or batch file.
Installing react-native...
Consider installing yarn to make this faster: https://yarnpkg.com
npm WARN deprecated core-js@2.6.11: core-js@<3 is no longer maintained and not recommended for usage due to the number of issues. Please, upgrade your dependencies to the actual version of core-js@3.
npm WARN deprecated core-js@1.2.7: core-js@<3 is no longer maintained and not recommended for usage due to the number of issues. Please, upgrade your dependencies to the actual version of core-js@3.

> core-js@2.6.11 postinstall E:\Code\ReactNative\AWPtry3\node_modules\core-js
> node -e "try{require('./postinstall')}catch(e){}"

Thank you for using core-js ( https://github.com/zloirock/core-js ) for polyfilling JavaScript standard library!

The project needs your help! Please consider supporting of core-js on Open Collective or Patreon:
> https://opencollective.com/core-js
> https://www.patreon.com/zloirock

Also, the author of core-js ( https://github.com/zloirock ) is looking for a good job -)

npm notice created a lockfile as package-lock.json. You should commit this file.
npm WARN react-native@0.61.5 requires a peer of react@16.9.0 but none is installed. You must install peer dependencies yourself.
npm WARN optional SKIPPING OPTIONAL DEPENDENCY: fsevents@1.2.11 (node_modules\fsevents):
npm WARN notsup SKIPPING OPTIONAL DEPENDENCY: Unsupported platform for fsevents@1.2.11: wanted {"os":"darwin","arch":"any"} (current: {"os":"win32","arch":"x64"})

+ react-native@0.61.5
added 645 packages from 413 contributors and audited 66229 packages in 290.225s

4 packages are looking for funding
  run `npm fund` for details

found 4 low severity vulnerabilities
  run `npm audit fix` to fix them, or `npm audit` for details
info Setting up new React Native app in E:\Code\ReactNative\AWPtry3
info Adding required dependencies
npm WARN optional SKIPPING OPTIONAL DEPENDENCY: fsevents@1.2.11 (node_modules\fsevents):
npm WARN notsup SKIPPING OPTIONAL DEPENDENCY: Unsupported platform for fsevents@1.2.11: wanted {"os":"darwin","arch":"any"} (current: {"os":"win32","arch":"x64"})

+ react@16.9.0
added 1 package and audited 67227 packages in 13.09s

4 packages are looking for funding
  run `npm fund` for details

found 4 low severity vulnerabilities
  run `npm audit fix` to fix them, or `npm audit` for details
info Adding required dev dependencies
npm WARN deprecated left-pad@1.3.0: use String.prototype.padStart()
npm WARN eslint-plugin-react-native@3.6.0 requires a peer of eslint@^3.17.0 || ^4 || ^5 but none is installed. You must install peer dependencies yourself.
npm WARN eslint-plugin-react@7.12.4 requires a peer of eslint@^3.0.0 || ^4.0.0 || ^5.0.0 but none is installed. You must install peer dependencies yourself.
npm WARN @typescript-eslint/parser@1.13.0 requires a peer of eslint@^5.0.0 but none is installed. You must install peer dependencies yourself.
npm WARN @typescript-eslint/eslint-plugin@1.13.0 requires a peer of eslint@^5.0.0 but none is installed. You must install peer dependencies yourself.
npm WARN tsutils@3.17.1 requires a peer of typescript@>=2.8.0 || >= 3.2.0-dev || >= 3.3.0-dev || >= 3.4.0-dev || >= 3.5.0-dev || >= 3.6.0-dev || >= 3.6.0-beta || >= 3.7.0-dev || >= 3.7.0-beta but none is installed. You must install peer dependencies yourself.
npm WARN optional SKIPPING OPTIONAL DEPENDENCY: fsevents@1.2.11 (node_modules\fsevents):
npm WARN notsup SKIPPING OPTIONAL DEPENDENCY: Unsupported platform for fsevents@1.2.11: wanted {"os":"darwin","arch":"any"} (current: {"os":"win32","arch":"x64"})

+ @babel/core@7.7.7
+ @babel/runtime@7.7.7
+ jest@24.9.0
+ react-test-renderer@16.9.0
+ metro-react-native-babel-preset@0.56.3
+ babel-jest@24.9.0
+ eslint@6.8.0
+ @react-native-community/eslint-config@0.0.5
added 292 packages from 274 contributors, updated 3 packages and audited 952647 packages in 218.55s

17 packages are looking for funding
  run `npm fund` for details

found 4 low severity vulnerabilities
  run `npm audit fix` to fix them, or `npm audit` for details

  Run instructions for iOS:
    • cd E:\Code\ReactNative\AWPtry3 && npx react-native run-ios
    - or -
    • Open AWPtry3\ios\AWPtry3.xcodeproj in Xcode or run "xed -b ios"
    • Hit the Run button

  Run instructions for Android:
    • Have an Android emulator running (quickest way to get started), or a device connected.
    • cd E:\Code\ReactNative\AWPtry3 && npx react-native run-android


E:\Code\ReactNative>cd AWPtry3

E:\Code\ReactNative\AWPtry3> react-native run-android
info Running jetifier to migrate libraries to AndroidX. You can disable it using "--no-jetifier" flag.
Jetifier found 864 file(s) to forward-jetify. Using 4 workers...
info Starting JS server...
info Installing the app...

> Task :app:installDebug
10:00:48 V/ddms: execute: running am get-config
10:00:48 V/ddms: execute 'am get-config' on 'emulator-5554' : EOF hit. Read: -1
10:00:48 V/ddms: execute: returning
Installing APK 'app-debug.apk' on 'Pixel_2_API_28(AVD) - 9' for app:debug
10:00:48 D/app-debug.apk: Uploading app-debug.apk onto device 'emulator-5554'
10:00:48 D/Device: Uploading file onto device 'emulator-5554'
10:00:48 D/ddms: Reading file permision of E:\Code\ReactNative\AWPtry3\android\app\build\outputs\apk\debug\app-debug.apk as: rwx------
10:00:48 V/ddms: execute: running pm install -r -t "/data/local/tmp/app-debug.apk"
10:00:49 V/ddms: execute 'pm install -r -t "/data/local/tmp/app-debug.apk"' on 'emulator-5554' : EOF hit. Read: -1
10:00:49 V/ddms: execute: returning
10:00:49 V/ddms: execute: running rm "/data/local/tmp/app-debug.apk"
10:00:49 V/ddms: execute 'rm "/data/local/tmp/app-debug.apk"' on 'emulator-5554' : EOF hit. Read: -1
10:00:49 V/ddms: execute: returning
Installed on 1 device.

Deprecated Gradle features were used in this build, making it incompatible with Gradle 6.0.
Use '--warning-mode all' to show the individual deprecation warnings.
See https://docs.gradle.org/5.5/userguide/command_line_interface.html#sec:command_line_warnings

BUILD SUCCESSFUL in 1m 58s
27 actionable tasks: 27 executed
<-------------> 0% WAITING
> IDLE
> IDLE
> IDLE
> IDLE
info Connecting to the development server...
info Starting the app on "emulator-5554"...
Starting: Intent { cmp=com.awptry3/.MainActivity }

E:\Code\ReactNative\AWPtry3> react-native start
error Invalid regular expression: /(.*\\__fixtures__\\.*|node_modules[\\\]react[\\\]dist[\\\].*|website\\node_modules\\.*|heapCapture\\bundle\.js|.*\\__tests__\\.*)$/: Unterminated character class. Run CLI with --verbose flag for more details.
SyntaxError: Invalid regular expression: /(.*\\__fixtures__\\.*|node_modules[\\\]react[\\\]dist[\\\].*|website\\node_modules\\.*|heapCapture\\bundle\.js|.*\\__tests__\\.*)$/: Unterminated character class
    at new RegExp (<anonymous>)
    at blacklist (E:\Code\ReactNative\AWPtry3\node_modules\metro-config\src\defaults\blacklist.js:34:10)
    at getBlacklistRE (E:\Code\ReactNative\AWPtry3\node_modules\react-native\node_modules\@react-native-community\cli\build\tools\loadMetroConfig.js:66:59)
    at getDefaultConfig (E:\Code\ReactNative\AWPtry3\node_modules\react-native\node_modules\@react-native-community\cli\build\tools\loadMetroConfig.js:82:20)
    at load (E:\Code\ReactNative\AWPtry3\node_modules\react-native\node_modules\@react-native-community\cli\build\tools\loadMetroConfig.js:118:25)
    at Object.runServer [as func] (E:\Code\ReactNative\AWPtry3\node_modules\react-native\node_modules\@react-native-community\cli\build\commands\server\runServer.js:82:58)
    at Command.handleAction (E:\Code\ReactNative\AWPtry3\node_modules\react-native\node_modules\@react-native-community\cli\build\index.js:164:23)
    at Command.listener (E:\Code\ReactNative\AWPtry3\node_modules\commander\index.js:315:8)
    at Command.emit (events.js:219:5)
    at Command.parseArgs (E:\Code\ReactNative\AWPtry3\node_modules\commander\index.js:651:12)

E:\Code\ReactNative\AWPtry3> react-native start
┌──────────────────────────────────────────────────────────────────────────────┐
│                                                                              │
│  Running Metro Bundler on port 8081.                                         │
│                                                                              │
│  Keep Metro running while developing on any JS projects. Feel free to        │
│  close this tab and run your own Metro instance if you prefer.               │
│                                                                              │
│  https://github.com/facebook/react-native                                    │
│                                                                              │
└──────────────────────────────────────────────────────────────────────────────┘

Looking for JS files in
   E:\Code\ReactNative\AWPtry3

Loading dependency graph, done.
 BUNDLE  [android, dev] ./index.js ▓▓▓▓▓▓▓▓▓▓▓▓▓▓▓▓ 100.0% (457/457), done.

 BUNDLE  [android, dev] ./index.js ▓▓▓▓▓▓▓▓▓▓▓▓▓▓▓▓ 100.0% (1/1), done.

 LOG  Running "AWPtry3" with {"rootTag":1}
